// Jest Snapshot v1, https://goo.gl/fbAQLP

exports[`rendering active 1`] = `
<div
  className={
    Object {
      "data-css-wi5peg": "",
    }
  }
  style={
    Object {
      "opacity": 1,
    }
  }
/>
`;
