// Jest Snapshot v1, https://goo.gl/fbAQLP

exports[`rendering renders 1`] = `
<div
  className="sh m-b300"
>
  <h2
    className="sh-title"
  >
    Boards and Commissions
  </h2>
</div>
`;
