exports[`test rendering active 1`] = `
<div
  className={
    Object {
      "data-css-1p1nxmk": "",
    }
  }>
  <div
    className={
      Object {
        "data-css-1ebs7nx": "",
      }
    } />
  <div
    className={
      Object {
        "data-css-1a43rzs": "",
      }
    }>
    <div
      className={
        Object {
          "data-css-1idcp6j": "",
        }
      }>
      <div
        className={
          Object {
            "data-css-rr2ydk": "",
          }
        }>
        <h3
          className={
            Object {
              "data-css-4ptjc6": "",
            }
          }>
          Where is the problem happening?
        </h3>
        
        <form
          className={
            Object {
              "data-css-19lcmdn": "",
            }
          }
          onSubmit={[Function]}>
          <input
            className={
              Object {
                "data-css-1rqhb6b": "",
              }
            }
            onInput={[Function]}
            placeholder="Search for an addressâ€¦"
            type="text"
            value="" />
          <button
            disabled={true}
            type="submit">
            Search
          </button>
        </form>
        <button
          className={
            Object {
              "data-css-1wppbi7": "",
            }
          }
          disabled={true}
          onClick={[Function]}>
          Next
        </button>
      </div>
    </div>
  </div>
</div>
`;
