// Jest Snapshot v1, https://goo.gl/fbAQLP

exports[`appsForUserTypeAndGroups doesnâ€™t return agency apps if none is specified 1`] = `
Array [
  Object {
    "apps": Array [
      Object {
        "agencies": null,
        "description": "",
        "groups": null,
        "iconUrl": "/assets/apps/hub.svg",
        "mfaDeviceRequired": false,
        "target": "",
        "title": "The Hub",
        "url": "https://hub.boston.gov/",
      },
      Object {
        "agencies": null,
        "description": "",
        "groups": null,
        "iconUrl": "/assets/apps/talented.svg",
        "mfaDeviceRequired": false,
        "target": "",
        "title": "BPS Job Listings",
        "url": "https://bostonpublicschools.tedk12.com/hire/index.aspx",
      },
      Object {
        "agencies": null,
        "description": "",
        "groups": null,
        "iconUrl": "/assets/apps/boston-maps.svg",
        "mfaDeviceRequired": false,
        "target": "",
        "title": "Boston Maps",
        "url": "https://sso.boston.gov/idp/startSSO.ping?PartnerSpId=boston.maps.arcgis.com",
      },
      Object {
        "agencies": null,
        "description": "",
        "groups": Array [
          "SG_AB_IAM_TEAM",
        ],
        "iconUrl": "/assets/apps/identityiq.svg",
        "mfaDeviceRequired": false,
        "target": "",
        "title": "IIQ",
        "url": "https://identity.boston.gov/identityiq/",
      },
    ],
    "icons": true,
    "showRequestAccessLink": false,
    "title": "Applications",
  },
  Object {
    "apps": Array [
      Object {
        "agencies": null,
        "description": "",
        "groups": null,
        "iconUrl": null,
        "mfaDeviceRequired": false,
        "target": "",
        "title": "Change My Password",
        "url": "/change-password",
      },
    ],
    "icons": false,
    "showRequestAccessLink": false,
    "title": "Account Tools",
  },
  Object {
    "apps": Array [
      Object {
        "agencies": null,
        "description": "",
        "groups": null,
        "iconUrl": null,
        "mfaDeviceRequired": false,
        "target": "_blank",
        "title": "Group Management",
        "url": "/group-management",
      },
    ],
    "icons": false,
    "showRequestAccessLink": false,
    "title": "Support Tools",
  },
]
`;

exports[`appsForUserTypeAndGroups returns apps for a group 1`] = `
Array [
  Object {
    "apps": Array [
      Object {
        "agencies": null,
        "description": "",
        "groups": null,
        "iconUrl": "/assets/apps/hub.svg",
        "mfaDeviceRequired": false,
        "target": "",
        "title": "The Hub",
        "url": "https://hub.boston.gov/",
      },
      Object {
        "agencies": null,
        "description": "",
        "groups": null,
        "iconUrl": "/assets/apps/talented.svg",
        "mfaDeviceRequired": false,
        "target": "",
        "title": "BPS Job Listings",
        "url": "https://bostonpublicschools.tedk12.com/hire/index.aspx",
      },
      Object {
        "agencies": null,
        "description": "",
        "groups": null,
        "iconUrl": "/assets/apps/boston-maps.svg",
        "mfaDeviceRequired": false,
        "target": "",
        "title": "Boston Maps",
        "url": "https://sso.boston.gov/idp/startSSO.ping?PartnerSpId=boston.maps.arcgis.com",
      },
      Object {
        "agencies": null,
        "description": "",
        "groups": Array [
          "SG_AB_IAM_TEAM",
        ],
        "iconUrl": "/assets/apps/identityiq.svg",
        "mfaDeviceRequired": false,
        "target": "",
        "title": "IIQ",
        "url": "https://identity.boston.gov/identityiq/",
      },
    ],
    "icons": true,
    "showRequestAccessLink": false,
    "title": "Applications",
  },
  Object {
    "apps": Array [
      Object {
        "agencies": Array [
          "CH",
        ],
        "description": "",
        "groups": null,
        "iconUrl": null,
        "mfaDeviceRequired": false,
        "target": "",
        "title": "FleetHub",
        "url": "http://boston.getlocalmotion.com/",
      },
      Object {
        "agencies": Array [
          "BPD",
          "BFD",
          "CH",
        ],
        "description": "",
        "groups": null,
        "iconUrl": null,
        "mfaDeviceRequired": false,
        "target": "",
        "title": "International Travel",
        "url": "https://goo.gl/forms/Xobh9aZeGXSnKH2m2",
      },
      Object {
        "agencies": Array [
          "CH",
        ],
        "description": "",
        "groups": null,
        "iconUrl": null,
        "mfaDeviceRequired": false,
        "target": "",
        "title": "Building Maintenance",
        "url": "https://eamtst.cityhall.boston.cob:5443/WebMaint/",
      },
    ],
    "icons": false,
    "showRequestAccessLink": false,
    "title": "Forms / Links",
  },
  Object {
    "apps": Array [
      Object {
        "agencies": null,
        "description": "",
        "groups": null,
        "iconUrl": null,
        "mfaDeviceRequired": false,
        "target": "",
        "title": "Change My Password",
        "url": "/change-password",
      },
    ],
    "icons": false,
    "showRequestAccessLink": false,
    "title": "Account Tools",
  },
  Object {
    "apps": Array [
      Object {
        "agencies": null,
        "description": "",
        "groups": null,
        "iconUrl": null,
        "mfaDeviceRequired": false,
        "target": "_blank",
        "title": "Group Management",
        "url": "/group-management",
      },
    ],
    "icons": false,
    "showRequestAccessLink": false,
    "title": "Support Tools",
  },
]
`;

exports[`appsForUserTypeAndGroups returns apps for an agency 1`] = `
Array [
  Object {
    "apps": Array [
      Object {
        "agencies": null,
        "description": "",
        "groups": null,
        "iconUrl": "/assets/apps/hub.svg",
        "mfaDeviceRequired": false,
        "target": "",
        "title": "The Hub",
        "url": "https://hub.boston.gov/",
      },
      Object {
        "agencies": null,
        "description": "",
        "groups": null,
        "iconUrl": "/assets/apps/talented.svg",
        "mfaDeviceRequired": false,
        "target": "",
        "title": "BPS Job Listings",
        "url": "https://bostonpublicschools.tedk12.com/hire/index.aspx",
      },
      Object {
        "agencies": null,
        "description": "",
        "groups": null,
        "iconUrl": "/assets/apps/boston-maps.svg",
        "mfaDeviceRequired": false,
        "target": "",
        "title": "Boston Maps",
        "url": "https://sso.boston.gov/idp/startSSO.ping?PartnerSpId=boston.maps.arcgis.com",
      },
      Object {
        "agencies": null,
        "description": "",
        "groups": Array [
          "SG_AB_IAM_TEAM",
        ],
        "iconUrl": "/assets/apps/identityiq.svg",
        "mfaDeviceRequired": false,
        "target": "",
        "title": "IIQ",
        "url": "https://identity.boston.gov/identityiq/",
      },
    ],
    "icons": true,
    "showRequestAccessLink": false,
    "title": "Applications",
  },
  Object {
    "apps": Array [
      Object {
        "agencies": null,
        "description": "",
        "groups": null,
        "iconUrl": null,
        "mfaDeviceRequired": false,
        "target": "",
        "title": "Change My Password",
        "url": "/change-password",
      },
    ],
    "icons": false,
    "showRequestAccessLink": false,
    "title": "Account Tools",
  },
  Object {
    "apps": Array [
      Object {
        "agencies": null,
        "description": "",
        "groups": null,
        "iconUrl": null,
        "mfaDeviceRequired": false,
        "target": "_blank",
        "title": "Group Management",
        "url": "/group-management",
      },
    ],
    "icons": false,
    "showRequestAccessLink": false,
    "title": "Support Tools",
  },
]
`;

exports[`appsForUserTypeAndGroups returns apps that require an MFA device 1`] = `
Array [
  Object {
    "apps": Array [
      Object {
        "agencies": null,
        "description": "",
        "groups": null,
        "iconUrl": "/assets/apps/hub.svg",
        "mfaDeviceRequired": false,
        "target": "",
        "title": "The Hub",
        "url": "https://hub.boston.gov/",
      },
      Object {
        "agencies": null,
        "description": "",
        "groups": null,
        "iconUrl": "/assets/apps/talented.svg",
        "mfaDeviceRequired": false,
        "target": "",
        "title": "BPS Job Listings",
        "url": "https://bostonpublicschools.tedk12.com/hire/index.aspx",
      },
      Object {
        "agencies": null,
        "description": "",
        "groups": null,
        "iconUrl": "/assets/apps/boston-maps.svg",
        "mfaDeviceRequired": false,
        "target": "",
        "title": "Boston Maps",
        "url": "https://sso.boston.gov/idp/startSSO.ping?PartnerSpId=boston.maps.arcgis.com",
      },
    ],
    "icons": true,
    "showRequestAccessLink": false,
    "title": "Applications",
  },
  Object {
    "apps": Array [
      Object {
        "agencies": Array [
          "CH",
        ],
        "description": "",
        "groups": null,
        "iconUrl": null,
        "mfaDeviceRequired": false,
        "target": "",
        "title": "FleetHub",
        "url": "http://boston.getlocalmotion.com/",
      },
      Object {
        "agencies": Array [
          "BPD",
          "BFD",
          "CH",
        ],
        "description": "",
        "groups": null,
        "iconUrl": null,
        "mfaDeviceRequired": false,
        "target": "",
        "title": "International Travel",
        "url": "https://goo.gl/forms/Xobh9aZeGXSnKH2m2",
      },
      Object {
        "agencies": Array [
          "CH",
        ],
        "description": "",
        "groups": null,
        "iconUrl": null,
        "mfaDeviceRequired": false,
        "target": "",
        "title": "Building Maintenance",
        "url": "https://eamtst.cityhall.boston.cob:5443/WebMaint/",
      },
    ],
    "icons": false,
    "showRequestAccessLink": false,
    "title": "Forms / Links",
  },
  Object {
    "apps": Array [
      Object {
        "agencies": null,
        "description": "",
        "groups": null,
        "iconUrl": null,
        "mfaDeviceRequired": false,
        "target": "",
        "title": "Change My Password",
        "url": "/change-password",
      },
      Object {
        "agencies": null,
        "description": "",
        "groups": null,
        "iconUrl": null,
        "mfaDeviceRequired": true,
        "target": "",
        "title": "Manage My Device(s)",
        "url": "https://desktop.pingone.com/boston/Selection?cmd=devices",
      },
    ],
    "icons": false,
    "showRequestAccessLink": false,
    "title": "Account Tools",
  },
  Object {
    "apps": Array [
      Object {
        "agencies": null,
        "description": "",
        "groups": null,
        "iconUrl": null,
        "mfaDeviceRequired": false,
        "target": "_blank",
        "title": "Group Management",
        "url": "/group-management",
      },
    ],
    "icons": false,
    "showRequestAccessLink": false,
    "title": "Support Tools",
  },
]
`;

exports[`appsForUserTypeAndGroups returns just the "everyone" category for no groups 1`] = `
Array [
  Object {
    "apps": Array [
      Object {
        "agencies": null,
        "description": "",
        "groups": null,
        "iconUrl": "/assets/apps/hub.svg",
        "mfaDeviceRequired": false,
        "target": "",
        "title": "The Hub",
        "url": "https://hub.boston.gov/",
      },
      Object {
        "agencies": null,
        "description": "",
        "groups": null,
        "iconUrl": "/assets/apps/talented.svg",
        "mfaDeviceRequired": false,
        "target": "",
        "title": "BPS Job Listings",
        "url": "https://bostonpublicschools.tedk12.com/hire/index.aspx",
      },
      Object {
        "agencies": null,
        "description": "",
        "groups": null,
        "iconUrl": "/assets/apps/boston-maps.svg",
        "mfaDeviceRequired": false,
        "target": "",
        "title": "Boston Maps",
        "url": "https://sso.boston.gov/idp/startSSO.ping?PartnerSpId=boston.maps.arcgis.com",
      },
    ],
    "icons": true,
    "showRequestAccessLink": false,
    "title": "Applications",
  },
  Object {
    "apps": Array [
      Object {
        "agencies": Array [
          "CH",
        ],
        "description": "",
        "groups": null,
        "iconUrl": null,
        "mfaDeviceRequired": false,
        "target": "",
        "title": "FleetHub",
        "url": "http://boston.getlocalmotion.com/",
      },
      Object {
        "agencies": Array [
          "BPD",
          "BFD",
          "CH",
        ],
        "description": "",
        "groups": null,
        "iconUrl": null,
        "mfaDeviceRequired": false,
        "target": "",
        "title": "International Travel",
        "url": "https://goo.gl/forms/Xobh9aZeGXSnKH2m2",
      },
      Object {
        "agencies": Array [
          "CH",
        ],
        "description": "",
        "groups": null,
        "iconUrl": null,
        "mfaDeviceRequired": false,
        "target": "",
        "title": "Building Maintenance",
        "url": "https://eamtst.cityhall.boston.cob:5443/WebMaint/",
      },
    ],
    "icons": false,
    "showRequestAccessLink": false,
    "title": "Forms / Links",
  },
  Object {
    "apps": Array [
      Object {
        "agencies": null,
        "description": "",
        "groups": null,
        "iconUrl": null,
        "mfaDeviceRequired": false,
        "target": "",
        "title": "Change My Password",
        "url": "/change-password",
      },
    ],
    "icons": false,
    "showRequestAccessLink": false,
    "title": "Account Tools",
  },
  Object {
    "apps": Array [
      Object {
        "agencies": null,
        "description": "",
        "groups": null,
        "iconUrl": null,
        "mfaDeviceRequired": false,
        "target": "_blank",
        "title": "Group Management",
        "url": "/group-management",
      },
    ],
    "icons": false,
    "showRequestAccessLink": false,
    "title": "Support Tools",
  },
]
`;
