// Jest Snapshot v1, https://goo.gl/fbAQLP

exports[`constructor throws if the question canâ€™t be found 1`] = `"Question not found for code: CODE"`;
