exports[`setAttribute throws if the code doesnâ€™t match an attribute 1`] = `"Attribute code UNKNOWN-CODE not found in the current service (needles)"`;
