// Jest Snapshot v1, https://goo.gl/fbAQLP

exports[`appsForUserTypeAndGroups returns apps for a group 1`] = `
Array [
  Object {
    "apps": Array [
      Object {
        "description": "",
        "groups": null,
        "iconUrl": undefined,
        "title": "The Hub",
        "url": "https://hub.boston.gov/",
      },
      Object {
        "description": "",
        "groups": null,
        "iconUrl": "/static/apps/boston-maps.png",
        "title": "Boston Maps",
        "url": "https://boston.maps.arcgis.com/",
      },
    ],
    "icons": true,
    "showRequestAccessLink": true,
    "title": "Applications",
  },
  Object {
    "apps": Array [
      Object {
        "description": "",
        "groups": null,
        "iconUrl": undefined,
        "title": "Building Maintenance",
        "url": "https://eamtst.cityhall.boston.cob:5443/WebMaint/",
      },
      Object {
        "description": "",
        "groups": null,
        "iconUrl": undefined,
        "title": "FleetHub",
        "url": "http://boston.getlocalmotion.com/",
      },
      Object {
        "description": "",
        "groups": null,
        "iconUrl": undefined,
        "title": "International Travel",
        "url": "https://goo.gl/forms/Xobh9aZeGXSnKH2m2",
      },
      Object {
        "description": "",
        "groups": null,
        "iconUrl": undefined,
        "title": "Unblock Website Request",
        "url": "https://boston.seamlessdocs.com/f/geol18cumhw",
      },
    ],
    "icons": false,
    "showRequestAccessLink": false,
    "title": "Forms",
  },
  Object {
    "apps": Array [
      Object {
        "description": "",
        "groups": null,
        "iconUrl": undefined,
        "title": "Change Password",
        "url": "/change-password",
      },
      Object {
        "description": "",
        "groups": null,
        "iconUrl": undefined,
        "title": "Change MFA Device or Email Address",
        "url": "https://identity.boston.gov/identityiq/changePassword.jsf",
      },
    ],
    "icons": false,
    "showRequestAccessLink": false,
    "title": "Account Tools",
  },
]
`;

exports[`appsForUserTypeAndGroups returns just the "everyone" category for no groups 1`] = `
Array [
  Object {
    "apps": Array [
      Object {
        "description": "",
        "groups": null,
        "iconUrl": undefined,
        "title": "The Hub",
        "url": "https://hub.boston.gov/",
      },
      Object {
        "description": "",
        "groups": null,
        "iconUrl": "/static/apps/boston-maps.png",
        "title": "Boston Maps",
        "url": "https://boston.maps.arcgis.com/",
      },
    ],
    "icons": true,
    "showRequestAccessLink": true,
    "title": "Applications",
  },
  Object {
    "apps": Array [
      Object {
        "description": "",
        "groups": null,
        "iconUrl": undefined,
        "title": "Building Maintenance",
        "url": "https://eamtst.cityhall.boston.cob:5443/WebMaint/",
      },
      Object {
        "description": "",
        "groups": null,
        "iconUrl": undefined,
        "title": "FleetHub",
        "url": "http://boston.getlocalmotion.com/",
      },
      Object {
        "description": "",
        "groups": null,
        "iconUrl": undefined,
        "title": "International Travel",
        "url": "https://goo.gl/forms/Xobh9aZeGXSnKH2m2",
      },
      Object {
        "description": "",
        "groups": null,
        "iconUrl": undefined,
        "title": "Unblock Website Request",
        "url": "https://boston.seamlessdocs.com/f/geol18cumhw",
      },
    ],
    "icons": false,
    "showRequestAccessLink": false,
    "title": "Forms",
  },
  Object {
    "apps": Array [
      Object {
        "description": "",
        "groups": null,
        "iconUrl": undefined,
        "title": "Change Password",
        "url": "/change-password",
      },
      Object {
        "description": "",
        "groups": null,
        "iconUrl": undefined,
        "title": "Change MFA Device or Email Address",
        "url": "https://identity.boston.gov/identityiq/changePassword.jsf",
      },
    ],
    "icons": false,
    "showRequestAccessLink": false,
    "title": "Account Tools",
  },
]
`;
