// Jest Snapshot v1, https://goo.gl/fbAQLP

exports[`makeIdentityProvider parses the xml 1`] = `
IdentityProvider {
  "certificates": Array [
    "-----BEGIN CERTIFICATE-----
MIIHuzCCBaOgAwIBAgITFgAAAO/Occ90ikDr+wAAAAAA7zANBgkqhkiG9w0BAQsFADBwMRMwEQYKCZImiZPyLGQBGRYDY29iMRYwFAYKCZImiZPyLGQBGRYGYm9zdG9uMRgwFgYKCZImiZPyLGQBGRYIY2l0eWhhbGwxJzAlBgNVBAMTHkNpdHlPZkJvc3Rvbi1FbnRlcnByaXNlLVN1Yi1DQTAeFw0xODAyMjYxOTAxMDFaFw0yMTAyMjUxOTAxMDFaMIGAMQswCQYDVQQGEwJVUzELMAkGA1UECBMCTUExDzANBgNVBAcTBkJvc3RvbjEXMBUGA1UEChMOQ2l0eSBPZiBCb3N0b24xEDAOBgNVBAsTB0lBTSBTU08xKDAmBgNVBAMTH3pkcGluZ2ZlZDAxLmNpdHloYWxsLmJvc3Rvbi5jb2IwggEiMA0GCSqGSIb3DQEBAQUAA4IBDwAwggEKAoIBAQChXwANkULq6nkAZNHNpXmEMbboxJ6ihFlXcmVoQEx3HwBqdfE6Fk5oRu744aDApbdUc0J4WK/Cv4xcjw2WRG1b7TUjHFzfQMbziuNlik/o65zDjEo0WKfJLKZ/P6CweWtSREMLwqbjkt+RbOBdFcu79FcwPef5jE6fpddipKxOWZq+QZ05Kesap/v7OPc/pKAAelbeIZa3gtJesOVzLHXcd3O1620hy3lVYCZjJgVroRVhOxO6S9w9Nylo2Tt1xVipwr3CCDNv97qp5KyFczrQ1UYlJu/iqTcP6YJtQvGZNDtS5ZHul+8JdDU4osrsYHE3Gkpt9jPD9Kxhcg5brdL3AgMBAAGjggM7MIIDNzAdBgNVHQ4EFgQU2ayFg7boLF++hn+cIDBP8AuBYL4wHwYDVR0jBBgwFoAUDIanuimnqw/y+njgpCNP4oCVxbYwggErBgNVHR8EggEiMIIBHjCCARqgggEWoIIBEoaBymxkYXA6Ly8vQ049Q2l0eU9mQm9zdG9uLUVudGVycHJpc2UtU3ViLUNBLENOPVpQQ09CU0NBQVBQMDEsQ049Q0RQLENOPVB1YmxpYyUyMEtleSUyMFNlcnZpY2VzLENOPVNlcnZpY2VzLENOPUNvbmZpZ3VyYXRpb24sREM9Ym9zdG9uLERDPWNvYj9jZXJ0aWZpY2F0ZVJldm9jYXRpb25MaXN0P2Jhc2U/b2JqZWN0Q2xhc3M9Y1JMRGlzdHJpYnV0aW9uUG9pbnSGQ2h0dHA6Ly9jcmwuYm9zdG9uLmNvYi9DZXJ0RW5yb2xsL0NpdHlPZkJvc3Rvbi1FbnRlcnByaXNlLVN1Yi1DQS5jcmwwggFEBggrBgEFBQcBAQSCATYwggEyMIG8BggrBgEFBQcwAoaBr2xkYXA6Ly8vQ049Q2l0eU9mQm9zdG9uLUVudGVycHJpc2UtU3ViLUNBLENOPUFJQSxDTj1QdWJsaWMlMjBLZXklMjBTZXJ2aWNlcyxDTj1TZXJ2aWNlcyxDTj1Db25maWd1cmF0aW9uLERDPWJvc3RvbixEQz1jb2I/Y0FDZXJ0aWZpY2F0ZT9iYXNlP29iamVjdENsYXNzPWNlcnRpZmljYXRpb25BdXRob3JpdHkwcQYIKwYBBQUHMAKGZWh0dHA6Ly9haWEuYm9zdG9uLmNvYi9DZXJ0RW5yb2xsL1pQQ09CU0NBQVBQMDEuY2l0eWhhbGwuYm9zdG9uLmNvYl9DaXR5T2ZCb3N0b24tRW50ZXJwcmlzZS1TdWItQ0EuY3J0MA4GA1UdDwEB/wQEAwIFoDA8BgkrBgEEAYI3FQcELzAtBiUrBgEEAYI3FQiG54BehtyeT4eZmyaF9OcShcyXUF+L62mH7PtvAgFkAgEKMBMGA1UdJQQMMAoGCCsGAQUFBwMBMBsGCSsGAQQBgjcVCgQOMAwwCgYIKwYBBQUHAwEwDQYJKoZIhvcNAQELBQADggIBAAwojfsctWBq3KeYXWzlMtIzB6c0xLOFvw/hcsKT+n7oQG1RbN4For/SJtbtdE7cswNjOc7ZKI9KiRzSJSBPtVmiRfyaCMeNLbkXqrYJ8/Ke/APOuVJhBtbm5WleNUovr0BscVC/5bOv8PNlmenS9DPjucvHoghX++91+od7zca2kzavvP5TZhmc0+ls//dFwjPrKQudb2Bo3y93z6sUh+zaadvMv3jwKMyLWY2oEmaUIjMRyuPMKKbOFb0U+rIfB49vsAc3HqVMFf5mx0O7fVot91V7zfp1hNGm7CXMyKuMh8MRuwHxPPL0GmRD0PRNs2KCWSd1fnkFM5u8gDIQyGO/j88Epc+zWMiWYyQVc+7qvCVuDZh2cWaeEiNeOrOiPbkrtftMf1IxO091IwqGKEfEo8cN+d4EDxMMR8hUcKnZ+wXoKwfzXaXX++7ARwBeEtVASqNw5r7ncY/3LEZPwDYyDPIMubjZtpZeSzL71G0AWKGXUcAU0TReZyLGGWTdojoiuIsVifaMZNpMVEFQ5+xWw49XmXIBGuZYyWLf1SO87baq8J8/w5EnMnJcbsB+oWtzUvu+td6UvRup48VRBabtr9FM3QtI4GkjwVoZWihHMYK92iThcZShm5mBSLvSDsoKSRYU/zOKy4ZQ473zGDDp3AsBC5tsnNmqYnaSDXIN
-----END CERTIFICATE-----",
  ],
  "shared_options": Object {
    "sign_get_request": false,
  },
  "sso_login_url": "https://sso-dev.boston.gov/idp/SSO.saml2",
  "sso_logout_url": "https://sso-dev.boston.gov/idp/SSO.saml2",
}
`;
