// Jest Snapshot v1, https://goo.gl/fbAQLP

exports[`rendering existing description 1`] = `
<div>
  <div
    className="sh sh--y"
  >
    <h2
      className="sh-title"
    >
      File a Report
    </h2>
  </div>
  <div
    className="t--intro m-v300"
  >
    Through BOS:311, you can report non-emergency issues with the City.
  </div>
  <div
    className="g m-t500"
  >
    <div
      className="g--7"
    >
      <h3
        className="stp m-v300 css-17cwx2g"
      >
        <span
          className="stp-number"
        >
          1
        </span>
        Tell us your problem
      </h3>
      <textarea
        className={
          Object {
            "data-css-1red1ju": "",
          }
        }
        defaultValue="Thanos is attacking"
        name="description"
        onBlur={[Function]}
        onInput={[Function]}
        placeholder="Example: my street hasn’t been plowed"
      />
      <div
        className="m-t500"
        style={
          Object {
            "textAlign": "right",
          }
        }
      >
        <button
          className="btn css-1q8b8td"
          disabled={false}
          onClick={[Function]}
        >
          Start a Report
        </button>
      </div>
    </div>
    <div
      className="g--1"
    />
    <div
      className="g--4 css-jnu3m1"
    >
      <div
        className="m-v300 t--info"
      >
        You can also start a report by picking one of these popular services:
      </div>
      <ul
        className="ul"
      >
        <li>
          <a
            className="t--sans tt-u"
            href="/report/CSMCINC"
            onClick={[Function]}
          >
            Cosmic Incursion
          </a>
        </li>
      </ul>
      .
      <div
        className="t--info m-v300"
        style={
          Object {
            "textAlign": "right",
          }
        }
      >
        <a
          href="javasscript:void(0)"
        >
          See all services…
        </a>
      </div>
    </div>
  </div>
</div>
`;
