// Jest Snapshot v1, https://goo.gl/fbAQLP

exports[`services 1`] = `
<ul
  className="ul"
>
  <li>
    <a
      className="t--sans tt-u"
      href="/report/CSMCINC"
      onClick={[Function]}
    >
      Cosmic Incursion
    </a>
  </li>
</ul>
`;
