exports[`test Informational 1`] = `
<p>
  **All needle pickup cases should be followed up with a phone call to one of the below agencies.**
</p>
`;

exports[`test Picklist 1`] = `
<label>
  <p>
    How many needles are at the location?
  </p>
  <select
    name="SR-NEDRMV1">
    <option
      value="One">
      One
    </option>
    <option
      value="Two">
      Two
    </option>
    <option
      value="Three">
      Three
    </option>
    <option
      value="More than Three">
      More than Three
    </option>
  </select>
</label>
`;

exports[`test Text 1`] = `
<label>
  <p>
    Please provide any other relevant information:
     
  </p>
  <textarea
    className={
      Object {
        "data-css-1bm19ha": "",
      }
    } />
</label>
`;
